[sontl/themes/education/html/demo/e-learning/index.html]
[backblue.gif]
[fade.gif]
[index.html]
[sontl/themes/education/html/demo/e-learning/img/favicon/favicon.ico]
[sontl/themes/education/html/demo/e-learning/img/favicon/apple-touch-icon.png]
[sontl/themes/education/html/demo/e-learning/img/favicon/apple-touch-icon-72x72.png]
[sontl/themes/education/html/demo/e-learning/img/favicon/apple-touch-icon-114x114.png]
[sontl/themes/education/html/demo/e-learning/img/demo/envatologo.jpg]
[sontl/themes/education/html/demo/e-learning/courses.html]
[sontl/themes/education/html/demo/e-learning/index-2.html]
[sontl/themes/education/html/demo/e-learning/index-3.html]
[sontl/themes/education/html/demo/e-learning/index-4.html]
[sontl/themes/education/html/demo/e-learning/index-5.html]
[sontl/themes/education/html/demo/e-learning/index-6.html]
[sontl/themes/education/html/demo/e-learning/single-course.html]
[sontl/themes/education/html/demo/e-learning/account.html]
[sontl/themes/education/html/demo/e-learning/compare.html]
[sontl/themes/education/html/demo/e-learning/cart.html]
[sontl/themes/education/html/demo/e-learning/checkout.html]
[sontl/themes/education/html/demo/e-learning/thankyou.html]
[sontl/themes/education/html/demo/e-learning/teachers.html]
[sontl/themes/education/html/demo/e-learning/single-teacher.html]
[sontl/themes/education/html/demo/e-learning/about-us.html]
[sontl/themes/education/html/demo/e-learning/services.html]
[sontl/themes/education/html/demo/e-learning/contact-1.html]
[sontl/themes/education/html/demo/e-learning/blog-standard.html]
[sontl/themes/education/html/demo/e-learning/blog-masonry.html]
[sontl/themes/education/html/demo/e-learning/single.html]
[sontl/themes/education/html/demo/e-learning/single-full-width.html]
[sontl/themes/education/html/demo/e-learning/single-left-sidebar.html]
[sontl/themes/education/html/demo/e-learning/img/parallax/img7.jpg]
[sontl/themes/education/html/demo/e-learning/img/courses/vertical/img18.jpg]
[sontl/themes/education/html/demo/e-learning/img/courses/img20.jpg]
[sontl/themes/education/html/demo/e-learning/img/courses/vertical/img23.jpg]
[sontl/themes/education/html/demo/e-learning/img/courses/vertical/img39.jpg]
[sontl/themes/education/html/demo/e-learning/img/courses/vertical/img22.jpg]
[sontl/themes/education/html/demo/e-learning/img/courses/vertical/img43.jpg]
[sontl/themes/education/html/demo/e-learning/img/courses/vertical/img19.jpg]
[sontl/themes/education/html/demo/e-learning/img/parallax/img38.jpg]
[sontl/themes/education/html/demo/e-learning/img/courses/img43.jpg]
[sontl/themes/education/html/demo/e-learning/img/avatar/avatar-chef-1.jpg]
[sontl/themes/education/html/demo/e-learning/img/courses/img2.jpg]
[sontl/themes/education/html/demo/e-learning/img/avatar/avatar-chef-3.jpg]
[sontl/themes/education/html/demo/e-learning/img/courses/img4.jpg]
[sontl/themes/education/html/demo/e-learning/img/avatar/avatar-chef-2.jpg]
[sontl/themes/education/html/demo/e-learning/img/avatar/avatar-chef-4.jpg]
[sontl/themes/education/html/demo/e-learning/img/avatar/avatar-chef-5.jpg]
[sontl/themes/education/html/demo/e-learning/img/courses/img23.jpg]
[sontl/themes/education/html/demo/e-learning/img/blog/img1.jpg]
[sontl/themes/education/html/demo/e-learning/img/courses/img12.jpg]
[sontl/themes/education/html/demo/e-learning/img/courses/img5.jpg]
[sontl/themes/education/html/demo/e-learning/img/partner/logo1.png]
[sontl/themes/education/html/demo/e-learning/img/partner/logo2.png]
[sontl/themes/education/html/demo/e-learning/img/partner/logo3.png]
[sontl/themes/education/html/demo/e-learning/img/partner/logo4.png]
[sontl/themes/education/html/demo/e-learning/img/partner/logo5.png]
[sontl/themes/education/html/demo/e-learning/img/partner/logo6.png]
[sontl/themes/education/html/demo/e-learning/js/nicdark_plugins.min.js]
[www.google-analytics.com/analytics.js]
[sontl/themes/education/html/demo/e-learning/index.html]
[sontl/themes/education/html/demo/e-learning/css/nicdark_style.min.css]
[sontl/themes/education/html/demo/e-learning/img/icons/icon-cart-white.svg]
[sontl/themes/education/html/demo/e-learning/img/parallax/img17.jpg]
[sontl/themes/education/html/demo/e-learning/img/courses/img1.jpg]
[sontl/themes/education/html/demo/e-learning/img/courses/img3.jpg]
[sontl/themes/education/html/demo/e-learning/img/courses/img29.jpg]
[sontl/themes/education/html/demo/e-learning/img/avatar/avatar-chef-6.jpg]
[sontl/themes/education/html/demo/e-learning/courses.html]
[sontl/themes/education/html/demo/e-learning/img/icons/icon-search-white.svg]
[sontl/themes/education/html/demo/e-learning/img/icons/icon-close-white.svg]
[sontl/themes/education/html/demo/e-learning/index-2.html]
[sontl/themes/education/html/demo/e-learning/img/parallax/img0.jpg]
[sontl/themes/education/html/demo/e-learning/img/parallax/img2.jpg]
[sontl/themes/education/html/demo/e-learning/index-3.html]
[sontl/themes/education/html/demo/e-learning/img/courses/img11.jpg]
[sontl/themes/education/html/demo/e-learning/img/courses/img14.jpg]
[sontl/themes/education/html/demo/e-learning/img/courses/img18.jpg]
[sontl/themes/education/html/demo/e-learning/img/parallax/img12.jpg]
[sontl/themes/education/html/demo/e-learning/img/parallax/img6.jpg]
[sontl/themes/education/html/demo/e-learning/index-4.html]
[sontl/themes/education/html/demo/e-learning/img/parallax/img40.jpg]
[sontl/themes/education/html/demo/e-learning/img/avatar/avatar-chef-7.jpg]
[sontl/themes/education/html/demo/e-learning/index-5.html]
[sontl/themes/education/html/demo/e-learning/img/parallax/img1.jpg]
[sontl/themes/education/html/demo/e-learning/img/parallax/img5.jpg]
[sontl/themes/education/html/demo/e-learning/index-6.html]
[sontl/themes/education/html/demo/e-learning/single-course.html]
[sontl/themes/education/html/demo/e-learning/img/parallax/img39.jpg]
[sontl/themes/education/html/demo/e-learning/img/avatar/avatar-chef-8.jpg]
[sontl/themes/education/html/demo/e-learning/account.html]
[sontl/themes/education/html/demo/e-learning/compare.html]
[sontl/themes/education/html/demo/e-learning/cart.html]
[sontl/themes/education/html/demo/e-learning/checkout.html]
[sontl/themes/education/html/demo/e-learning/thankyou.html]
[sontl/themes/education/html/demo/e-learning/img/parallax/img32.jpg]
[sontl/themes/education/html/demo/e-learning/img/avatar/avatar-chef-9.jpg]
[sontl/themes/education/html/demo/e-learning/teachers.html]
[sontl/themes/education/html/demo/e-learning/single-teacher.html]
[sontl/themes/education/html/demo/e-learning/about-us.html]
[sontl/themes/education/html/demo/e-learning/services.html]
[sontl/themes/education/html/demo/e-learning/img/parallax/img19.jpg]
[sontl/themes/education/html/demo/e-learning/contact-1.html]
[sontl/themes/education/html/demo/e-learning/img/parallax/img41.jpg]
[sontl/themes/education/html/demo/e-learning/img/parallax/img3.jpg]
[sontl/themes/education/html/demo/e-learning/img/courses/square/img1.jpg]
[sontl/themes/education/html/demo/e-learning/img/courses/square/img2.jpg]
[sontl/themes/education/html/demo/e-learning/img/courses/square/img3.jpg]
[sontl/themes/education/html/demo/e-learning/blog-standard.html]
[sontl/themes/education/html/demo/e-learning/blog-masonry.html]
[sontl/themes/education/html/demo/e-learning/single.html]
[sontl/themes/education/html/demo/e-learning/single-full-width.html]
[sontl/themes/education/html/demo/e-learning/single-left-sidebar.html]
[sontl/themes/education/html/demo/e-learning/img/icons/icon-world-white.svg]
[sontl/themes/education/html/demo/e-learning/img/icons/icon-share-white.svg]
[sontl/themes/education/html/demo/e-learning/img/icons/icon-facebook-white.svg]
[sontl/themes/education/html/demo/e-learning/img/icons/icon-twitter-white.svg]
[sontl/themes/education/html/demo/e-learning/img/icons/icon-linkedin-white.svg]
[sontl/themes/education/html/demo/e-learning/img/icons/icon-pinterest-white.svg]
[sontl/themes/education/html/demo/e-learning/img/icons/icon-instagram-white.svg]
[sontl/themes/education/html/demo/e-learning/img/icons/icon-user-white.svg]
[sontl/themes/education/html/demo/e-learning/img/icons/icon-login-white.svg]
[sontl/themes/education/html/demo/e-learning/img/logos/logo-elearning-color.svg]
[sontl/themes/education/html/demo/e-learning/img/icons/icon-cart-grey.svg]
[sontl/themes/education/html/demo/e-learning/img/icons/icon-search-grey.svg]
[sontl/themes/education/html/demo/e-learning/img/icons/icon-menu-grey.svg]
[sontl/themes/education/html/demo/e-learning/img/icons/icon-cloud.svg]
[sontl/themes/education/html/demo/e-learning/img/icons/icon-browser.svg]
[sontl/themes/education/html/demo/e-learning/img/icons/icon-lab.svg]
[sontl/themes/education/html/demo/e-learning/img/icons/icon-check-white.svg]
[sontl/themes/education/html/demo/e-learning/img/icons/icon-heart-white.svg]
[sontl/themes/education/html/demo/e-learning/img/icons/icon-compare-white.svg]
[sontl/themes/education/html/demo/e-learning/img/icons/icon-calendar.svg]
[sontl/themes/education/html/demo/e-learning/img/icons/icon-clock.svg]
[sontl/themes/education/html/demo/e-learning/img/icons/icon-availability.svg]
[sontl/themes/education/html/demo/e-learning/img/icons/icon-google-white.svg]
[sontl/themes/education/html/demo/e-learning/img/icons/icon-comments.svg]
[sontl/themes/education/html/demo/e-learning/img/icons/icon-quote-grey-alpha.svg]
[sontl/themes/education/html/demo/e-learning/img/icons/icon-comment.svg]
[sontl/themes/education/html/demo/e-learning/img/icons/icon-link-white.svg]
[sontl/themes/education/html/demo/e-learning/img/logos/logo-elearning-white.svg]
[sontl/themes/education/html/demo/e-learning/img/icons/icon-facebook-circle.svg]
[sontl/themes/education/html/demo/e-learning/img/icons/icon-twitter-circle.svg]
[sontl/themes/education/html/demo/e-learning/img/icons/icon-pinterest-circle.svg]
[sontl/themes/education/html/demo/e-learning/img/icons/icon-linkedin-circle.svg]
[sontl/themes/education/html/demo/e-learning/img/icons/icon-youtube-circle.svg]
[sontl/themes/education/html/demo/e-learning/img/icons/icon-world-grey.svg]
[sontl/themes/education/html/demo/e-learning/img/icons/icon-share-grey.svg]
[sontl/themes/education/html/demo/e-learning/img/icons/icon-facebook-grey.svg]
[sontl/themes/education/html/demo/e-learning/img/icons/icon-twitter-grey.svg]
[sontl/themes/education/html/demo/e-learning/img/icons/icon-linkedin-grey.svg]
[sontl/themes/education/html/demo/e-learning/img/icons/icon-pinterest-grey.svg]
[sontl/themes/education/html/demo/e-learning/img/icons/icon-instagram-grey.svg]
[sontl/themes/education/html/demo/e-learning/img/icons/icon-user-grey.svg]
[sontl/themes/education/html/demo/e-learning/img/icons/icon-login-grey.svg]
[sontl/themes/education/html/demo/e-learning/img/icons/icon-menu-white.svg]
[sontl/themes/education/html/demo/e-learning/img/icons/icon-next-grey.svg]
[sontl/themes/education/html/demo/e-learning/img/icons/icon-pen.svg]
[sontl/themes/education/html/demo/e-learning/img/icons/icon-settings-white.svg]
[sontl/themes/education/html/demo/e-learning/img/icons/icon-list-white.svg]
[sontl/themes/education/html/demo/e-learning/img/icons/icon-grid-grey.svg]
[sontl/themes/education/html/demo/e-learning/img/icons/icon-list.svg]
[sontl/themes/education/html/demo/e-learning/img/icons/icon-star.svg]
[sontl/themes/education/html/demo/e-learning/img/icons/icon-level.svg]
[sontl/themes/education/html/demo/e-learning/img/icons/icon-clock-grey.svg]
[sontl/themes/education/html/demo/e-learning/img/logos/logo-elearning-grey.svg]
[sontl/themes/education/html/demo/e-learning/img/icons/icon-phone-white.svg]
[sontl/themes/education/html/demo/e-learning/img/icons/icon-percentage-white.svg]
[sontl/themes/education/html/demo/e-learning/img/icons/icon-check-green.svg]
[sontl/themes/education/html/demo/e-learning/img/icons/icon-close-red.svg]
[sontl/themes/education/html/demo/e-learning/img/icons/icon-award-color.svg]
[sontl/themes/education/html/demo/e-learning/img/icons/icon-graduation-color.svg]
[sontl/themes/education/html/demo/e-learning/img/icons/icon-graph-color.svg]
[sontl/themes/education/html/demo/e-learning/img/icons/icon-star-full-white.svg]
[sontl/themes/education/html/demo/e-learning/img/icons/icon-star-half-white.svg]
[sontl/themes/education/html/demo/e-learning/img/icons/icon-star-white.svg]
[sontl/themes/education/html/demo/e-learning/img/icons/icon-category-grey.svg]
[sontl/themes/education/html/demo/e-learning/img/icons/icon-print-grey.svg]
[sontl/themes/education/html/demo/e-learning/img/icons/icon-facebook-color.svg]
[sontl/themes/education/html/demo/e-learning/img/icons/icon-twitter-color.svg]
[sontl/themes/education/html/demo/e-learning/img/icons/icon-pinterest-color.svg]
[sontl/themes/education/html/demo/e-learning/img/icons/icon-linkedin-color.svg]
[sontl/themes/education/html/demo/e-learning/img/icons/icon-google-color.svg]
[sontl/themes/education/html/demo/e-learning/img/icons/icon-mail-color.svg]
[sontl/themes/education/html/demo/e-learning/img/icons/icon-file-green.svg]
[sontl/themes/education/html/demo/e-learning/img/icons/icon-play-green.svg]
[sontl/themes/education/html/demo/e-learning/img/icons/icon-star-full-yellow.svg]
[sontl/themes/education/html/demo/e-learning/img/icons/icon-pin-grey.svg]
[sontl/themes/education/html/demo/e-learning/img/icons/icon-card-grey.svg]
[sontl/themes/education/html/demo/e-learning/img/icons/icon-email-grey.svg]
[sontl/themes/education/html/demo/e-learning/img/icons/icon-link-grey.svg]
[sontl/themes/education/html/demo/e-learning/img/icons/icon-remove-red.svg]
[sontl/themes/education/html/demo/e-learning/img/icons/icon-trash.svg]
[sontl/themes/education/html/demo/e-learning/img/icons/icon-star-full.svg]
[sontl/themes/education/html/demo/e-learning/img/icons/icon-star-half.svg]
[sontl/themes/education/html/demo/e-learning/img/icons/icon-mobile-grey.svg]
[sontl/themes/education/html/demo/e-learning/img/icons/icon-skype-grey.svg]
[sontl/themes/education/html/demo/e-learning/img/icons/icon-support-color.svg]
[sontl/themes/education/html/demo/e-learning/img/icons/services/icon-service1.svg]
[sontl/themes/education/html/demo/e-learning/img/icons/services/icon-service2.svg]
[sontl/themes/education/html/demo/e-learning/img/icons/services/icon-service3.svg]
[sontl/themes/education/html/demo/e-learning/img/icons/services/icon-service4.svg]
[sontl/themes/education/html/demo/e-learning/img/icons/services/icon-service5.svg]
[sontl/themes/education/html/demo/e-learning/img/icons/services/icon-service6.svg]
[sontl/themes/education/html/demo/e-learning/img/icons/icon-prev-grey.svg]
[sontl/themes/education/html/demo/e-learning/img/icons/icon-world-whitesvg.html]
[sontl/themes/education/html/demo/e-learning/img/icons/icon-compare2-white.html]
